[wantsandneeds.com/index.html]
[wantsandneeds.com/cdn/shop/t/18/assets/swiper-bundle.min9ef2.css]
[wantsandneeds.com/cdn/shop/t/18/assets/photoswipe.min5cd6.css]
[wantsandneeds.com/cdn/shop/t/18/assets/theme.min4a5d.css]
[wantsandneeds.com/cdn/shop/t/18/assets/custom107e.css]
[wantsandneeds.com/cdn/shop/files/002_Shaded_Crownb1b9.png]
[wantsandneeds.com/cdn/shop/files/002_Shaded_Crownbbb7.png]
[wantsandneeds.com/cdn/shop/files/002_Shaded_Crown29a4.png]
[wantsandneeds.com/cdn/shop/files/002_Shaded_Crown1080.png]
[wantsandneeds.com/cdn/shop/files/002_Shaded_Crown1079.png]
[wantsandneeds.com/cdn/fonts/karla/karla_n7.4358a847d4875593d69cfc3f8cc0b44c17b3ed03.woff2]
[wantsandneeds.com/cdn/fonts/karla/karla_n4.40497e07df527e6a50e58fb17ef1950c72f3e32c.woff2]
[backblue.gif]
[fade.gif]
[index.html]
[wantsandneeds.com/cdn/shop/files/Logos_29_bbc20f02-1a77-4e5f-a31f-fb80a9495e37_30bd2.png]
[wantsandneeds.com/cdn/fonts/karla/karla_n7.96e322f6d76ce794f25fa29e55d6997c3fb656b6.woff]
[wantsandneeds.com/cdn/fonts/karla/karla_n4.e9f6f9de321061073c6bfe03c28976ba8ce6ee18.woff]
[wantsandneeds.com/cdn/fonts/karla/karla_n8.b4b2fb2fd7c9e5cd3f943a09498004ad5459f5e6.woff2]
[wantsandneeds.com/cdn/fonts/karla/karla_n8.f6a57bef4fdcaa31fffd290e403b010f69897424.woff]
[wantsandneeds.com/cdn/fonts/karla/karla_i4.2086039c16bcc3a78a72a2f7b471e3c4a7f873a6.woff2]
[wantsandneeds.com/cdn/fonts/karla/karla_i4.7b9f59841a5960c16fa2a897a0716c8ebb183221.woff]
[wantsandneeds.com/cdn/fonts/karla/karla_i7.fe031cd65d6e02906286add4f6dda06afc2615f0.woff2]
[wantsandneeds.com/cdn/fonts/karla/karla_i7.816d4949fa7f7d79314595d7003eda5b44e959e3.woff]
[wantsandneeds.com/checkouts/internal/preloadsebdb.js]
[wantsandneeds.com/cdn/shopifycloud/shop-js/modules/v2/client.init-shop-cart-sync_dlpDe4U9.en.esm.js]
[wantsandneeds.com/cdn/shopifycloud/shop-js/modules/v2/chunk.common_FunKbpTJ.esm.js]
[cdn.shopify.com/shopifycloud/storefront-forms-hcaptcha/ce_storefront_forms_captcha_hcaptcha.v1.5.2.iife.js]
[wantsandneeds.com/cdn/shopifycloud/storefront/assets/storefront/load_feature-81c60534.js]
[wantsandneeds.com/cdn/shopifycloud/storefront/assets/shopify_pay/storefront-65b4c6d75501.js]
[wantsandneeds.com/cdn/shopifycloud/portable-wallets/latest/portable-wallets.en.js]
[wantsandneeds.com/cdn/shopifycloud/privacy-banner/storefront-banner.js]
[wantsandneeds.com/cdn/shopifycloud/portable-wallets/latest/accelerated-checkout-backwards-compat.css]
[wantsandneeds.com/cdn/shop/t/18/assets/eventBus43fc.js]
[wantsandneeds.com/window.location]
[cdn.shopify.com/extensions/019ae87c-aae0-76a7-9670-4feea5a1ac85/pagefly-page-builder-201/assets/pagefly-helper.js]
[cdn.shopify.com/extensions/019ae87c-aae0-76a7-9670-4feea5a1ac85/pagefly-page-builder-201/assets/pagefly-general-helper.js]
[cdn.shopify.com/extensions/019ae87c-aae0-76a7-9670-4feea5a1ac85/pagefly-page-builder-201/assets/pagefly-snap-slider.js]
[cdn.shopify.com/extensions/019ae87c-aae0-76a7-9670-4feea5a1ac85/pagefly-page-builder-201/assets/pagefly-slideshow-v3.js]
[cdn.shopify.com/extensions/019ae87c-aae0-76a7-9670-4feea5a1ac85/pagefly-page-builder-201/assets/pagefly-slideshow-v4.js]
[cdn.shopify.com/extensions/019ae87c-aae0-76a7-9670-4feea5a1ac85/pagefly-page-builder-201/assets/pagefly-glider.js]
[cdn.shopify.com/extensions/019ae87c-aae0-76a7-9670-4feea5a1ac85/pagefly-page-builder-201/assets/pagefly-slideshow-v1-v2.js]
[cdn.shopify.com/extensions/019ae87c-aae0-76a7-9670-4feea5a1ac85/pagefly-page-builder-201/assets/pagefly-product-media.js]
[cdn.shopify.com/extensions/019ae87c-aae0-76a7-9670-4feea5a1ac85/pagefly-page-builder-201/assets/pagefly-product.js]
[static.klaviyo.com/onsite/js/XSPwV9/klaviyo7ac7.js]
[wantsandneeds.com/POST]
[wantsandneeds.com/cdn]
[wantsandneeds.com/cdn/s/trekkie.storefront.1a0636ab3186d698599065cb6ce9903ebacdd71a.min.js]
[wantsandneeds.com/cdn/shopifycloud/storefront/assets/shop_events_listener-3da45d37.js]
[wantsandneeds.com/cdn/shopifycloud/perf-kit/shopify-perf-kit-2.1.2.min.js]
[wantsandneeds.com/cdn/shop/t/18/assets/animate.min1b6a.css]
[wantsandneeds.com/cdn/shop/t/18/assets/component-cart-quantityf46a.js]
[wantsandneeds.com/cdn/shop/t/18/assets/component-cart-updatea50b.js]
[wantsandneeds.com/cdn/shop/t/18/assets/component-cart-drawerf314.js]
[wantsandneeds.com/cdn/shop/t/18/assets/component-cart-update-modal40d6.js]
[wantsandneeds.com/cdn/shop/t/18/assets/component-cart-recommendations1cf6.js]
[wantsandneeds.com/collections/all.html]
[wantsandneeds.com/cdn/shop/t/18/assets/component-mobile-menu.minf8f7.css]
[wantsandneeds.com/collections/hoodies.html]
[wantsandneeds.com/collections/sweats.html]
[wantsandneeds.com/collections/primary-products.html]
[wantsandneeds.com/cdn/shop/t/18/assets/component-localization-formb40c.js]
[wantsandneeds.com/cdn/shop/files/Logos_356153.png]
[wantsandneeds.com/cdn/shop/files/Logos_351b1e.png]
[wantsandneeds.com/cart.html]
[wantsandneeds.com/cdn/shop/t/18/assets/section-slideshow.minb9c1.css]
[wantsandneeds.com/cdn/shop/files/Black_gray_Micheal_walking_pathway_bridge_exp2a6f2.jpg]
[wantsandneeds.com/cdn/shop/files/Black_gray_Micheal_walking_pathway_bridge_exp2b769.jpg]
[wantsandneeds.com/cdn/shop/files/DSC01988eb94.jpg]
[wantsandneeds.com/cdn/shop/files/DSC01988c174.jpg]
[wantsandneeds.com/cdn/shop/files/IMG_01376d4c.jpg]
[wantsandneeds.com/cdn/shop/files/IMG_013749ae.jpg]
[wantsandneeds.com/cdn/shop/files/Gray_black_Julianna_car_selfie_exp2_207e9.png]
[wantsandneeds.com/cdn/shop/files/Gray_black_Julianna_car_selfie_exp2_22ed0.png]
[wantsandneeds.com/cdn/shop/t/18/assets/section-featured-collection.mine4c4.css]
[wantsandneeds.com/cdn/shop/t/18/assets/component-grid-slider5440.js]
[wantsandneeds.com/cdn/shop/t/18/assets/component-product-cardd7a7.js]
[wantsandneeds.com/collections/primary-products/products/wants-and-needs-hoodie.html]
[wantsandneeds.com/cdn/shop/files/Front_BHa267.png]
[wantsandneeds.com/cdn/shop/files/Front_BH3327.png]
[wantsandneeds.com/cdn/shop/files/PeytonFront_BH11d2.jpg]
[wantsandneeds.com/cdn/shop/files/PeytonFront_BHd427.jpg]
[wantsandneeds.com/cdn/shop/t/18/assets/component-theme-modale195.js]
[wantsandneeds.com/products/wants-and-needs-hoodie.html]
[wantsandneeds.com/collections/primary-products/products/wants-and-needs-flared-sweatpants.html]
[wantsandneeds.com/cdn/shop/files/FrontBS8e6b.png]
[wantsandneeds.com/cdn/shop/files/FrontBS973c.png]
[wantsandneeds.com/cdn/shop/files/HunterFrontBS8e6b.jpg]
[wantsandneeds.com/cdn/shop/files/HunterFrontBS973c.jpg]
[wantsandneeds.com/products/wants-and-needs-flared-sweatpants.html]
[wantsandneeds.com/collections/primary-products/products/black-hoodie-copy.html]
[wantsandneeds.com/cdn/shop/files/Front_GH11d2.png]
[wantsandneeds.com/cdn/shop/files/Front_GHd427.png]
[wantsandneeds.com/cdn/shop/files/FullFront_GH11d2.jpg]
[wantsandneeds.com/cdn/shop/files/FullFront_GHd427.jpg]
[wantsandneeds.com/products/black-hoodie-copy.html]
[wantsandneeds.com/collections/primary-products/products/grout-sweatpants.html]
[wantsandneeds.com/cdn/shop/files/Front_GSbad5.png]
[wantsandneeds.com/cdn/shop/files/Front_GSa412.png]
[wantsandneeds.com/cdn/shop/files/HunterFront_GS4af5.jpg]
[wantsandneeds.com/cdn/shop/files/HunterFront_GSaba4.jpg]
[wantsandneeds.com/products/grout-sweatpants.html]
[wantsandneeds.com/cdn/shop/t/18/assets/section-collage-builder.min594f.css]
[wantsandneeds.com/cdn/shop/files/IMG_0089_26a084d5-20cc-4e7d-a922-1c2d917316606b59.png]
[wantsandneeds.com/cdn/shop/files/IMG_0089_26a084d5-20cc-4e7d-a922-1c2d917316607306.png]
[wantsandneeds.com/cdn/shop/files/Basketball_22cfb.png]
[wantsandneeds.com/cdn/shop/files/Basketball_2ce04.png]
[wantsandneeds.com/cdn/shop/files/IMG_0210c6f5.jpg]
[wantsandneeds.com/cdn/shop/files/IMG_0210b2fe.jpg]
[wantsandneeds.com/cdn/shop/files/Hunter_Rob_sitting_brick_curb_24361.jpg]
[wantsandneeds.com/cdn/shop/files/Hunter_Rob_sitting_brick_curb_28cc7.jpg]
[wantsandneeds.com/cdn/shop/t/18/assets/section-newsletter.min02fd.css]
[wantsandneeds.com/policies/refund-policy.html]
[wantsandneeds.com/policies/privacy-policy.html]
[wantsandneeds.com/policies/terms-of-service.html]
[wantsandneeds.com/policies/shipping-policy.html]
[wantsandneeds.com/search.html]
[wantsandneeds.com/policies/contact-information.html]
[wantsandneeds.com/cdn/shop/t/18/assets/theme.min50df.js]
[wantsandneeds.com/cdn/shop/t/18/assets/SafeLoadScriptsc24e.js]
[wantsandneeds.com/index.html]
[wantsandneeds.com/cdn/shop/t/18/assets/swiper-bundle.min9ef2.css]
[wantsandneeds.com/cdn/shop/t/18/assets/photoswipe.min5cd6.css]
[wantsandneeds.com/cdn/shop/t/18/assets/theme.min4a5d.css]
[wantsandneeds.com/cdn/shop/t/18/assets/custom107e.css]
[shop.app/checkouts/internal/preloadsd447.js]
[wantsandneeds.com/modules/v2/chunk.common_FunKbpTJ.esm.js]
[wantsandneeds.com/modules/v2/client.shop-login-button_C3-NmE42.en.esm.js]
[wantsandneeds.com/cdn/shopifycloud/portable-wallets/latest/accelerated-checkout-backwards-compat.css]
[wantsandneeds.com/window.html]
[wantsandneeds.com/POST.html]
[wantsandneeds.com/cdn.html]
[wantsandneeds.com/cdn/shop/t/18/assets/animate.min1b6a.css]
[wantsandneeds.com/cdn/shop/t/18/assets/component-back-to-topc9e5.js]
[wantsandneeds.com/collections/all.atom]
[wantsandneeds.com/collections/window.location]
[wantsandneeds.com/collections/POST]
[wantsandneeds.com/cdn/shop/t/18/assets/section-collection-header.min081a.css]
[wantsandneeds.com/cdn/shop/t/18/assets/component-fade-on-scrolla467.js]
[wantsandneeds.com/cdn/shop/t/18/assets/component-breadcrumbs.mine819.css]
[wantsandneeds.com/cdn/shop/t/18/assets/template-collection.minc1af.css]
[wantsandneeds.com/collections/all.html]
[wantsandneeds.com/cdn/shop/t/18/assets/component-mobile-menu.minf8f7.css]
[wantsandneeds.com/collections/hoodies.atom]
[wantsandneeds.com/collections/hoodies.oembed]
[wantsandneeds.com/collections/hoodies/products/wants-and-needs-hoodie.html]
[wantsandneeds.com/collections/hoodies.html]
[wantsandneeds.com/collections/hoodies/products/black-hoodie-copy.html]
[wantsandneeds.com/collections/sweats.atom]
[wantsandneeds.com/collections/sweats.oembed]
[wantsandneeds.com/collections/sweats/products/wants-and-needs-flared-sweatpants.html]
[wantsandneeds.com/collections/sweats.html]
[wantsandneeds.com/collections/sweats/products/grout-sweatpants.html]
[wantsandneeds.com/collections/primary-products.atom]
[wantsandneeds.com/collections/primary-products.oembed]
[wantsandneeds.com/collections/primary-products.html]
[wantsandneeds.com/cart.html]
[wantsandneeds.com/cdn/shop/t/18/assets/section-slideshow.minb9c1.css]
[wantsandneeds.com/cdn/shop/t/18/assets/section-featured-collection.mine4c4.css]
[wantsandneeds.com/cdn/shop/t/18/assets/template-cart.min7800.css]
[wantsandneeds.com/cdn/shop/files/Front_BHcbfc.png]
[wantsandneeds.com/cdn/shop/files/PeytonFront_BH2b0c.jpg]
[wantsandneeds.com/cdn/shop/files/Back_BH2b0c.jpg]
[wantsandneeds.com/products/wants-and-needs-hoodie.oembed]
[wantsandneeds.com/collections/primary-products/products/window.location]
[wantsandneeds.com/collections/primary-products/products/POST]
[wantsandneeds.com/cdn/shop/t/18/assets/template-product.minbfe6.css]
[wantsandneeds.com/cdn/shop/t/18/assets/component-product-information86a7.js]
[wantsandneeds.com/cdn/shop/t/18/assets/component-product-media.minb25c.css]
[wantsandneeds.com/cdn/shop/t/18/assets/component-deferred-media27da.js]
[wantsandneeds.com/cdn/shop/t/18/assets/component-product-media8bd1.js]
[wantsandneeds.com/cdn/shop/files/Back_BHd427.jpg]
[wantsandneeds.com/cdn/shop/files/PeytonSide_BHd427.jpg]
[wantsandneeds.com/cdn/shop/files/HunterFront_BHd427.jpg]
[wantsandneeds.com/cdn/shop/files/PeytonSleeve_BH3f4c.jpg]
[wantsandneeds.com/cdn/shop/files/GroundShot_BH6b6b.png]
[wantsandneeds.com/cdn/shop/files/Back_BH11d2.jpg]
[wantsandneeds.com/cdn/shop/files/PeytonSide_BH11d2.jpg]
[wantsandneeds.com/cdn/shop/files/HunterFront_BH11d2.jpg]
[wantsandneeds.com/cdn/shop/files/PeytonSleeve_BHdd89.jpg]
[wantsandneeds.com/cdn/shop/files/GroundShot_BH2ef5.png]
[wantsandneeds.com/cdn/shop/t/18/assets/component-product-swatcha64c.js]
[wantsandneeds.com/cdn/shop/t/18/assets/component-size-guide-link00b1.js]
[wantsandneeds.com/pages/size-guide.html]
[wantsandneeds.com/cdn/shop/t/18/assets/component-stock-level-indicatored81.js]
[wantsandneeds.com/cdn/shop/t/18/assets/component-quantity-input744c.js]
[wantsandneeds.com/cdn/shop/t/18/assets/component-product-formfcac.js]
[wantsandneeds.com/cdn/shop/t/18/assets/section-product-description.min8595.css]
[wantsandneeds.com/cdn/shop/t/18/assets/component-collapsible-button7a19.js]
[wantsandneeds.com/cdn/shop/t/18/assets/section-product-recommendations.min969c.css]
[wantsandneeds.com/collections/primary-products/products/wants-and-needs-hoodie.html]
[wantsandneeds.com/cdn/shop/t/18/assets/component-product-recommendationsdef1.js]
[wantsandneeds.com/products/window.location]
[wantsandneeds.com/products/POST]
[wantsandneeds.com/products/wants-and-needs-hoodie.html]
[wantsandneeds.com/cdn/shop/files/FrontBS512f.png]
[wantsandneeds.com/cdn/shop/files/HunterFrontBS512f.jpg]
[wantsandneeds.com/cdn/shop/files/Back_BS512f.png]
[wantsandneeds.com/products/wants-and-needs-flared-sweatpants.oembed]
[wantsandneeds.com/cdn/shop/files/Back_BS973c.png]
[wantsandneeds.com/cdn/shop/files/SideBS973c.jpg]
[wantsandneeds.com/cdn/shop/files/FullFrontBS973c.jpg]
[wantsandneeds.com/cdn/shop/files/BackPocketBS973c.jpg]
[wantsandneeds.com/cdn/shop/files/GroundShotBS973c.jpg]
[wantsandneeds.com/cdn/shop/files/Back_BS8e6b.png]
[wantsandneeds.com/cdn/shop/files/SideBS8e6b.jpg]
[wantsandneeds.com/cdn/shop/files/FullFrontBS8e6b.jpg]
[wantsandneeds.com/cdn/shop/files/BackPocketBS8e6b.jpg]
[wantsandneeds.com/cdn/shop/files/GroundShotBS8e6b.jpg]
[wantsandneeds.com/collections/primary-products/products/wants-and-needs-flared-sweatpants.html]
[wantsandneeds.com/pages/size-guide-sweats.html]
[wantsandneeds.com/products/wants-and-needs-flared-sweatpants.html]
[wantsandneeds.com/cdn/shop/files/Front_GH2b0c.png]
[wantsandneeds.com/cdn/shop/files/FullFront_GH2b0c.jpg]
[wantsandneeds.com/cdn/shop/files/Back_GH2b0c.jpg]
[wantsandneeds.com/products/black-hoodie-copy.oembed]
[wantsandneeds.com/cdn/shop/files/Back_GHd427.jpg]
[wantsandneeds.com/cdn/shop/files/Side_GHd427.jpg]
[wantsandneeds.com/cdn/shop/files/FullBody_GHd427.jpg]
[wantsandneeds.com/cdn/shop/files/Sleeve_GHd427.jpg]
[wantsandneeds.com/cdn/shop/files/GroundShot_GH0ca0.jpg]
[wantsandneeds.com/cdn/shop/files/Back_GH11d2.jpg]
[wantsandneeds.com/cdn/shop/files/Side_GH11d2.jpg]
[wantsandneeds.com/cdn/shop/files/FullBody_GH11d2.jpg]
[wantsandneeds.com/cdn/shop/files/Sleeve_GH11d2.jpg]
[wantsandneeds.com/cdn/shop/files/GroundShot_GH394a.jpg]
[wantsandneeds.com/collections/primary-products/products/black-hoodie-copy.html]
[wantsandneeds.com/products/black-hoodie-copy.html]
[wantsandneeds.com/cdn/shop/files/Front_GSc4a5.png]
[wantsandneeds.com/cdn/shop/files/HunterFront_GS0d5a.jpg]
[wantsandneeds.com/cdn/shop/files/Back_Focused_GS0d5a.jpg]
[wantsandneeds.com/products/grout-sweatpants.oembed]
[wantsandneeds.com/cdn/shop/files/Back_Focused_GSaba4.jpg]
[wantsandneeds.com/cdn/shop/files/GiulianaSide_GSaba4.jpg]
[wantsandneeds.com/cdn/shop/files/PeytonFront_GSaba4.jpg]
[wantsandneeds.com/cdn/shop/files/PeytonPocket_GSaba4.jpg]
[wantsandneeds.com/cdn/shop/files/Close_Up_GSaba4.jpg]
[wantsandneeds.com/cdn/shop/files/Back_Focused_GS4af5.jpg]
[wantsandneeds.com/cdn/shop/files/GiulianaSide_GS4af5.jpg]
[wantsandneeds.com/cdn/shop/files/PeytonFront_GS4af5.jpg]
[wantsandneeds.com/cdn/shop/files/PeytonPocket_GS4af5.jpg]
[wantsandneeds.com/cdn/shop/files/Close_Up_GS4af5.jpg]
[wantsandneeds.com/collections/primary-products/products/grout-sweatpants.html]
[wantsandneeds.com/products/grout-sweatpants.html]
[wantsandneeds.com/cdn/shop/t/18/assets/section-collage-builder.min594f.css]
[wantsandneeds.com/cdn/shop/t/18/assets/section-newsletter.min02fd.css]
[wantsandneeds.com/cdn/shopifycloud/storefront/assets/storefront/policy-0e156355.css]
[wantsandneeds.com/policies/window.location]
[wantsandneeds.com/policies/POST]
[wantsandneeds.com/policies/refund-policy.html]
[wantsandneeds.com/policies/privacy-policy.html]
[wantsandneeds.com/policies/terms-of-service.html]
[wantsandneeds.com/policies/shipping-policy.html]
[wantsandneeds.com/cdn/shop/t/18/assets/template-search.min242e.css]
[wantsandneeds.com/search.html]
[wantsandneeds.com/policies/contact-information.html]
[wantsandneeds.com/collections/modules/v2/chunk.common_FunKbpTJ.esm.js]
[wantsandneeds.com/collections/modules/v2/client.shop-login-button_C3-NmE42.en.esm.js]
[wantsandneeds.com/collections/window.location]
[wantsandneeds.com/collections/POST.html]
[wantsandneeds.com/cdn/shop/t/18/assets/section-collection-header.min081a.css]
[wantsandneeds.com/cdn/shop/t/18/assets/component-breadcrumbs.mine819.css]
[wantsandneeds.com/cdn/shop/t/18/assets/template-collection.minc1af.css]
[wantsandneeds.com/cdn/shop/t/18/assets/component-filtering1738.js]
[wantsandneeds.com/collections/hoodies/products/window.location]
[wantsandneeds.com/collections/hoodies/products/POST]
[wantsandneeds.com/collections/hoodies/products/wants-and-needs-hoodie.html]
[wantsandneeds.com/collections/hoodies/products/black-hoodie-copy.html]
[wantsandneeds.com/collections/sweats/products/window.location]
[wantsandneeds.com/collections/sweats/products/POST]
[wantsandneeds.com/collections/sweats/products/wants-and-needs-flared-sweatpants.html]
[wantsandneeds.com/collections/sweats/products/grout-sweatpants.html]
[wantsandneeds.com/cdn/shop/t/18/assets/template-cart.min7800.css]
[wantsandneeds.com/collections/primary-products/products/modules/v2/chunk.common_FunKbpTJ.esm.js]
[wantsandneeds.com/collections/primary-products/products/modules/v2/client.shop-login-button_C3-NmE42.en.esm.js]
[wantsandneeds.com/collections/primary-products/products/window.location]
[wantsandneeds.com/collections/primary-products/products/POST.html]
[wantsandneeds.com/cdn/shop/t/18/assets/template-product.minbfe6.css]
[wantsandneeds.com/cdn/shop/t/18/assets/component-product-media.minb25c.css]
[wantsandneeds.com/pages/window.location]
[wantsandneeds.com/pages/POST]
[wantsandneeds.com/cdn/shop/t/18/assets/template-page.minfcd4.css]
[cdn.shopify.com/s/files/1/0662/8438/8503/files/fantom_28731.png]
[wantsandneeds.com/pages/size-guide.html]
[wantsandneeds.com/cdn/shop/t/18/assets/section-product-description.min8595.css]
[wantsandneeds.com/cdn/shop/t/18/assets/section-product-recommendations.min969c.css]
[wantsandneeds.com/products/modules/v2/chunk.common_FunKbpTJ.esm.js]
[wantsandneeds.com/products/modules/v2/client.shop-login-button_C3-NmE42.en.esm.js]
[wantsandneeds.com/products/window.location]
[wantsandneeds.com/products/POST.html]
[cdn.shopify.com/s/files/1/0662/8438/8503/files/fantom_1924f.png]
[wantsandneeds.com/pages/size-guide-sweats.html]
[wantsandneeds.com/cdn/shopifycloud/storefront/assets/storefront/policy-0e156355.css]
[wantsandneeds.com/policies/modules/v2/chunk.common_FunKbpTJ.esm.js]
[wantsandneeds.com/policies/modules/v2/client.shop-login-button_C3-NmE42.en.esm.js]
[wantsandneeds.com/policies/window.location]
[wantsandneeds.com/policies/POST.html]
[wantsandneeds.com/cdn/shop/t/18/assets/template-search.min242e.css]
[wantsandneeds.com/collections/hoodies/products/modules/v2/chunk.common_FunKbpTJ.esm.js]
[wantsandneeds.com/collections/hoodies/products/modules/v2/client.shop-login-button_C3-NmE42.en.esm.js]
[wantsandneeds.com/collections/hoodies/products/window.location]
[wantsandneeds.com/collections/hoodies/products/POST.html]
[wantsandneeds.com/collections/sweats/products/modules/v2/chunk.common_FunKbpTJ.esm.js]
[wantsandneeds.com/collections/sweats/products/modules/v2/client.shop-login-button_C3-NmE42.en.esm.js]
[wantsandneeds.com/collections/sweats/products/window.location]
[wantsandneeds.com/collections/sweats/products/POST.html]
[wantsandneeds.com/pages/modules/v2/chunk.common_FunKbpTJ.esm.js]
[wantsandneeds.com/pages/modules/v2/client.shop-login-button_C3-NmE42.en.esm.js]
[wantsandneeds.com/pages/window.location]
[wantsandneeds.com/pages/POST.html]
[wantsandneeds.com/cdn/shop/t/18/assets/template-page.minfcd4.css]
